Archive member included because of file (symbol)

c:/program files (x86)/atmel/atmel toolchain/avr8 gcc/native/3.4.1061/avr8-gnu-toolchain/bin/../lib/gcc/avr/4.8.1/../../../../avr/lib/avr6\libm.a(addsf3.o)
                              src/PWM.o (__subsf3)
c:/program files (x86)/atmel/atmel toolchain/avr8 gcc/native/3.4.1061/avr8-gnu-toolchain/bin/../lib/gcc/avr/4.8.1/../../../../avr/lib/avr6\libm.a(addsf3x.o)
                              c:/program files (x86)/atmel/atmel toolchain/avr8 gcc/native/3.4.1061/avr8-gnu-toolchain/bin/../lib/gcc/avr/4.8.1/../../../../avr/lib/avr6\libm.a(addsf3.o) (__addsf3x)
c:/program files (x86)/atmel/atmel toolchain/avr8 gcc/native/3.4.1061/avr8-gnu-toolchain/bin/../lib/gcc/avr/4.8.1/../../../../avr/lib/avr6\libm.a(cmpsf2.o)
                              src/servo.o (__ltsf2)
c:/program files (x86)/atmel/atmel toolchain/avr8 gcc/native/3.4.1061/avr8-gnu-toolchain/bin/../lib/gcc/avr/4.8.1/../../../../avr/lib/avr6\libm.a(divsf3.o)
                              src/motor.o (__divsf3)
c:/program files (x86)/atmel/atmel toolchain/avr8 gcc/native/3.4.1061/avr8-gnu-toolchain/bin/../lib/gcc/avr/4.8.1/../../../../avr/lib/avr6\libm.a(divsf3x.o)
                              c:/program files (x86)/atmel/atmel toolchain/avr8 gcc/native/3.4.1061/avr8-gnu-toolchain/bin/../lib/gcc/avr/4.8.1/../../../../avr/lib/avr6\libm.a(divsf3.o) (__divsf3x)
c:/program files (x86)/atmel/atmel toolchain/avr8 gcc/native/3.4.1061/avr8-gnu-toolchain/bin/../lib/gcc/avr/4.8.1/../../../../avr/lib/avr6\libm.a(fixsfsi.o)
                              src/motor.o (__fixsfsi)
c:/program files (x86)/atmel/atmel toolchain/avr8 gcc/native/3.4.1061/avr8-gnu-toolchain/bin/../lib/gcc/avr/4.8.1/../../../../avr/lib/avr6\libm.a(fixunssfsi.o)
                              src/motor.o (__fixunssfsi)
c:/program files (x86)/atmel/atmel toolchain/avr8 gcc/native/3.4.1061/avr8-gnu-toolchain/bin/../lib/gcc/avr/4.8.1/../../../../avr/lib/avr6\libm.a(floatsisf.o)
                              src/motor.o (__floatunsisf)
c:/program files (x86)/atmel/atmel toolchain/avr8 gcc/native/3.4.1061/avr8-gnu-toolchain/bin/../lib/gcc/avr/4.8.1/../../../../avr/lib/avr6\libm.a(fp_cmp.o)
                              c:/program files (x86)/atmel/atmel toolchain/avr8 gcc/native/3.4.1061/avr8-gnu-toolchain/bin/../lib/gcc/avr/4.8.1/../../../../avr/lib/avr6\libm.a(cmpsf2.o) (__fp_cmp)
c:/program files (x86)/atmel/atmel toolchain/avr8 gcc/native/3.4.1061/avr8-gnu-toolchain/bin/../lib/gcc/avr/4.8.1/../../../../avr/lib/avr6\libm.a(fp_inf.o)
                              c:/program files (x86)/atmel/atmel toolchain/avr8 gcc/native/3.4.1061/avr8-gnu-toolchain/bin/../lib/gcc/avr/4.8.1/../../../../avr/lib/avr6\libm.a(addsf3x.o) (__fp_inf)
c:/program files (x86)/atmel/atmel toolchain/avr8 gcc/native/3.4.1061/avr8-gnu-toolchain/bin/../lib/gcc/avr/4.8.1/../../../../avr/lib/avr6\libm.a(fp_nan.o)
                              c:/program files (x86)/atmel/atmel toolchain/avr8 gcc/native/3.4.1061/avr8-gnu-toolchain/bin/../lib/gcc/avr/4.8.1/../../../../avr/lib/avr6\libm.a(addsf3x.o) (__fp_nan)
c:/program files (x86)/atmel/atmel toolchain/avr8 gcc/native/3.4.1061/avr8-gnu-toolchain/bin/../lib/gcc/avr/4.8.1/../../../../avr/lib/avr6\libm.a(fp_pscA.o)
                              c:/program files (x86)/atmel/atmel toolchain/avr8 gcc/native/3.4.1061/avr8-gnu-toolchain/bin/../lib/gcc/avr/4.8.1/../../../../avr/lib/avr6\libm.a(addsf3x.o) (__fp_pscA)
c:/program files (x86)/atmel/atmel toolchain/avr8 gcc/native/3.4.1061/avr8-gnu-toolchain/bin/../lib/gcc/avr/4.8.1/../../../../avr/lib/avr6\libm.a(fp_pscB.o)
                              c:/program files (x86)/atmel/atmel toolchain/avr8 gcc/native/3.4.1061/avr8-gnu-toolchain/bin/../lib/gcc/avr/4.8.1/../../../../avr/lib/avr6\libm.a(addsf3x.o) (__fp_pscB)
c:/program files (x86)/atmel/atmel toolchain/avr8 gcc/native/3.4.1061/avr8-gnu-toolchain/bin/../lib/gcc/avr/4.8.1/../../../../avr/lib/avr6\libm.a(fp_round.o)
                              c:/program files (x86)/atmel/atmel toolchain/avr8 gcc/native/3.4.1061/avr8-gnu-toolchain/bin/../lib/gcc/avr/4.8.1/../../../../avr/lib/avr6\libm.a(addsf3.o) (__fp_round)
c:/program files (x86)/atmel/atmel toolchain/avr8 gcc/native/3.4.1061/avr8-gnu-toolchain/bin/../lib/gcc/avr/4.8.1/../../../../avr/lib/avr6\libm.a(fp_split3.o)
                              c:/program files (x86)/atmel/atmel toolchain/avr8 gcc/native/3.4.1061/avr8-gnu-toolchain/bin/../lib/gcc/avr/4.8.1/../../../../avr/lib/avr6\libm.a(addsf3x.o) (__fp_split3)
c:/program files (x86)/atmel/atmel toolchain/avr8 gcc/native/3.4.1061/avr8-gnu-toolchain/bin/../lib/gcc/avr/4.8.1/../../../../avr/lib/avr6\libm.a(fp_zero.o)
                              c:/program files (x86)/atmel/atmel toolchain/avr8 gcc/native/3.4.1061/avr8-gnu-toolchain/bin/../lib/gcc/avr/4.8.1/../../../../avr/lib/avr6\libm.a(addsf3x.o) (__fp_zero)
[...]
Memory Configuration

Name             Origin             Length             Attributes
text             0x00000000         0x00100000         xr
data             0x00800200         0x0000fe00         rw !x
eeprom           0x00810000         0x00010000         rw !x
fuse             0x00820000         0x00000400         rw !x
lock             0x00830000         0x00000400         rw !x
signature        0x00840000         0x00000400         rw !x
user_signatures  0x00850000         0x00000400         rw !x
*default*        0x00000000         0xffffffff

Linker script and memory map

Address of section .data set to 0x800200
LOAD c:/program files (x86)/atmel/atmel toolchain/avr8 gcc/native/3.4.1061/avr8-gnu-toolchain/bin/../lib/gcc/avr/4.8.1/../../../../avr/lib/avr6/crtm2560.o
LOAD src/ADC.o
LOAD src/CAN.o
LOAD src/IR.o
LOAD src/MAX520.o
LOAD src/MCP2515.o
LOAD src/motor.o
LOAD src/servo.o
LOAD src/SPI.o
LOAD src/PWM.o
LOAD src/time.o
LOAD src/TWI_Master.o
LOAD src/usart.o
LOAD src/ASF/mega/boards/stk600/rcx_x/init.o
LOAD src/main.o
START GROUP
LOAD c:/program files (x86)/atmel/atmel toolchain/avr8 gcc/native/3.4.1061/avr8-gnu-toolchain/bin/../lib/gcc/avr/4.8.1/../../../../avr/lib/avr6\libm.a
END GROUP
START GROUP
LOAD c:/program files (x86)/atmel/atmel toolchain/avr8 gcc/native/3.4.1061/avr8-gnu-toolchain/bin/../lib/gcc/avr/4.8.1/avr6\libgcc.a
LOAD c:/program files (x86)/atmel/atmel toolchain/avr8 gcc/native/3.4.1061/avr8-gnu-toolchain/bin/../lib/gcc/avr/4.8.1/../../../../avr/lib/avr6\libm.a
LOAD c:/program files (x86)/atmel/atmel toolchain/avr8 gcc/native/3.4.1061/avr8-gnu-toolchain/bin/../lib/gcc/avr/4.8.1/../../../../avr/lib/avr6\libc.a
END GROUP

.hash
 *(.hash)

.dynsym
 *(.dynsym)

.dynstr
 *(.dynstr)

.gnu.version
 *(.gnu.version)

.gnu.version_d
 *(.gnu.version_d)

.gnu.version_r
 *(.gnu.version_r)

.rel.init
 *(.rel.init)

.rela.init
 *(.rela.init)

.rel.text
 *(.rel.text)
 *(.rel.text.*)
 *(.rel.gnu.linkonce.t*)

.rela.text
 *(.rela.text)
 *(.rela.text.*)
 *(.rela.gnu.linkonce.t*)

.rel.fini
 *(.rel.fini)

.rela.fini
 *(.rela.fini)

.rel.rodata
 *(.rel.rodata)
 *(.rel.rodata.*)
 *(.rel.gnu.linkonce.r*)

.rela.rodata
 *(.rela.rodata)
 *(.rela.rodata.*)
 *(.rela.gnu.linkonce.r*)

.rel.data
 *(.rel.data)
 *(.rel.data.*)
 *(.rel.gnu.linkonce.d*)

.rela.data
 *(.rela.data)
 *(.rela.data.*)
 *(.rela.gnu.linkonce.d*)

.rel.ctors
 *(.rel.ctors)

.rela.ctors
 *(.rela.ctors)

.rel.dtors
 *(.rel.dtors)

.rela.dtors
 *(.rela.dtors)

.rel.got
 *(.rel.got)

.rela.got
 *(.rela.got)

.rel.bss
 *(.rel.bss)

.rela.bss
 *(.rela.bss)

.rel.plt
 *(.rel.plt)

.rela.plt
 *(.rela.plt)

.text           0x00000000     0x17a6
 *(.vectors)
 .vectors       0x00000000       0xe4 c:/program files (x86)/atmel/atmel toolchain/avr8 gcc/native/3.4.1061/avr8-gnu-toolchain/bin/../lib/gcc/avr/4.8.1/../../../../avr/lib/avr6/crtm2560.o
                0x00000000                __vector_default
                0x00000000                __vectors
 *(.vectors)
 *(.progmem.gcc*)
 .progmem.gcc_sw_table.__vector_39
                0x000000e4       0xa2 src/TWI_Master.o
                0x00000186                . = ALIGN (0x2)
                0x00000186                __trampolines_start = .
 *(.trampolines)
 .trampolines   0x00000186        0x0 linker stubs
 *(.trampolines*)
                0x00000186                __trampolines_end = .
 *(.progmem*)
                0x00000186                . = ALIGN (0x2)
 *(.jumptables)
 *(.jumptables*)
 *(.lowtext)
 *(.lowtext*)
                0x00000186                __ctors_start = .
 *(.ctors)
                0x00000186                __ctors_end = .
                0x00000186                __dtors_start = .
 *(.dtors)
                0x00000186                __dtors_end = .
 SORT(*)(.ctors)
 SORT(*)(.dtors)
 *(.init0)
 .init0         0x00000186        0x0 c:/program files (x86)/atmel/atmel toolchain/avr8 gcc/native/3.4.1061/avr8-gnu-toolchain/bin/../lib/gcc/avr/4.8.1/../../../../avr/lib/avr6/crtm2560.o
                0x00000186                __init
 *(.init0)
 *(.init1)
 *(.init1)
 *(.init2)
 .init2         0x00000186       0x10 c:/program files (x86)/atmel/atmel toolchain/avr8 gcc/native/3.4.1061/avr8-gnu-toolchain/bin/../lib/gcc/avr/4.8.1/../../../../avr/lib/avr6/crtm2560.o
 *(.init2)
 *(.init3)
 *(.init3)
 *(.init4)
 .init4         0x00000196       0x1a c:/program files (x86)/atmel/atmel toolchain/avr8 gcc/native/3.4.1061/avr8-gnu-toolchain/bin/../lib/gcc/avr/4.8.1/avr6\libgcc.a(_copy_data.o)
                0x00000196                __do_copy_data
 .init4         0x000001b0       0x10 c:/program files (x86)/atmel/atmel toolchain/avr8 gcc/native/3.4.1061/avr8-gnu-toolchain/bin/../lib/gcc/avr/4.8.1/avr6\libgcc.a(_clear_bss.o)
                0x000001b0                __do_clear_bss
 *(.init4)
 *(.init5)
 *(.init5)
 *(.init6)
 *(.init6)
 *(.init7)
 *(.init7)
 *(.init8)
 *(.init8)
 *(.init9)
 .init9         0x000001c0        0x6 c:/program files (x86)/atmel/atmel toolchain/avr8 gcc/native/3.4.1061/avr8-gnu-toolchain/bin/../lib/gcc/avr/4.8.1/../../../../avr/lib/avr6/crtm2560.o
 *(.init9)
 *(.text)
 .text          0x000001c6        0x2 c:/program files (x86)/atmel/atmel toolchain/avr8 gcc/native/3.4.1061/avr8-gnu-toolchain/bin/../lib/gcc/avr/4.8.1/../../../../avr/lib/avr6/crtm2560.o
                0x000001c6                __vector_38
                0x000001c6                __vector_22
                0x000001c6                __vector_28
                0x000001c6                __vector_1
                0x000001c6                __vector_32
                0x000001c6                __vector_34
                0x000001c6                __vector_24
                0x000001c6                __vector_12
                0x000001c6                __vector_55
                0x000001c6                __vector_46
                0x000001c6                __bad_interrupt
                0x000001c6                __vector_31
                0x000001c6                __vector_35
                0x000001c6                __vector_3
                0x000001c6                __vector_23
                0x000001c6                __vector_30
                0x000001c6                __vector_45
                0x000001c6                __vector_25
                0x000001c6                __vector_11
                0x000001c6                __vector_54
                0x000001c6                __vector_13
                0x000001c6                __vector_17
                0x000001c6                __vector_19
                0x000001c6                __vector_56
                0x000001c6                __vector_7
                0x000001c6                __vector_49
                0x000001c6                __vector_41
                0x000001c6                __vector_43
                0x000001c6                __vector_27
                0x000001c6                __vector_5
                0x000001c6                __vector_33
                0x000001c6                __vector_47
                0x000001c6                __vector_52
                0x000001c6                __vector_37
                0x000001c6                __vector_4
                0x000001c6                __vector_44
                0x000001c6                __vector_51
                0x000001c6                __vector_9
                0x000001c6                __vector_2
                0x000001c6                __vector_21
                0x000001c6                __vector_15
                0x000001c6                __vector_36
                0x000001c6                __vector_29
                0x000001c6                __vector_40
                0x000001c6                __vector_8
                0x000001c6                __vector_26
                0x000001c6                __vector_48
                0x000001c6                __vector_14
                0x000001c6                __vector_53
                0x000001c6                __vector_10
                0x000001c6                __vector_50
                0x000001c6                __vector_16
                0x000001c6                __vector_18
                0x000001c6                __vector_20
                0x000001c6                __vector_42
                0x000001c8                . = ALIGN (0x2)
 *(.text.*)
 .text.ADC_init
                0x000001c8       0x28 src/ADC.o
                0x000001c8                ADC_init
 .text.CAN_int_vect
                0x000001f0       0x3c src/CAN.o
                0x000001f0                CAN_int_vect
 .text.__vector_6
                0x0000022c       0x4e src/CAN.o
                0x0000022c                __vector_6
 .text.CAN_init
                0x0000027a       0x7e src/CAN.o
                0x0000027a                CAN_init
 .text.CAN_data_receive
                0x000002f8       0xda src/CAN.o
                0x000002f8                CAN_data_receive
 .text.IR_init  0x000003d2        0x4 src/IR.o
                0x000003d2                IR_init
 .text.MAX520_init
                0x000003d6       0x14 src/MAX520.o
                0x000003d6                MAX520_init
 .text.MAX520_send
                0x000003ea       0x2a src/MAX520.o
                0x000003ea                MAX520_send
 .text.MCP2515_read
                0x00000414       0x1a src/MCP2515.o
                0x00000414                MCP2515_read
 .text.MCP2515_bit_modify
                0x0000042e       0x28 src/MCP2515.o
                0x0000042e                MCP2515_bit_modify
 .text.MCP2515_reset
                0x00000456        0xa src/MCP2515.o
                0x00000456                MCP2515_reset
 .text.MCP2515_init
                0x00000460       0x28 src/MCP2515.o
                0x00000460                MCP2515_init
 .text.motor_enable
                0x00000488        0xc src/motor.o
                0x00000488                motor_enable
 .text.motor_set_direction
                0x00000494       0x1c src/motor.o
                0x00000494                motor_set_direction
 .text.motor_set_speed
                0x000004b0        0x8 src/motor.o
                0x000004b0                motor_set_speed
 .text.motor_set_velocity
                0x000004b8       0x58 src/motor.o
                0x000004b8                motor_set_velocity
 .text.motor_read_position
                0x00000510       0x74 src/motor.o
                0x00000510                motor_read_position
 .text.motor_find_max_speed
                0x00000584       0xd6 src/motor.o
                0x00000584                motor_find_max_speed
 .text.motor_init
                0x0000065a       0x2a src/motor.o
                0x0000065a                motor_init
 .text.motor_get_velocity
                0x00000684       0x54 src/motor.o
                0x00000684                motor_get_velocity
 .text.servo_init
                0x000006d8        0xe src/servo.o
                0x000006d8                servo_init
 .text.servo_set
                0x000006e6       0x86 src/servo.o
                0x000006e6                servo_set
 .text.SPI_init
                0x0000076c       0x1c src/SPI.o
                0x0000076c                SPI_init
 .text.SPI_send
                0x00000788        0xa src/SPI.o
                0x00000788                SPI_send
 .text.SPI_read
                0x00000792        0xe src/SPI.o
                0x00000792                SPI_read
 .text.SPI_select
                0x000007a0        0x4 src/SPI.o
                0x000007a0                SPI_select
 .text.SPI_deselect
                0x000007a4        0x4 src/SPI.o
                0x000007a4                SPI_deselect
 .text.PWM_init
                0x000007a8       0x48 src/PWM.o
                0x000007a8                PWM_init
 .text.PWM_set_width
                0x000007f0       0x2a src/PWM.o
                0x000007f0                PWM_set_width
 .text.time_init
                0x0000081a       0x14 src/time.o
                0x0000081a                time_init
 .text.time_passed
                0x0000082e        0xe src/time.o
                0x0000082e                time_passed
 .text.TWI_Master_Initialise
                0x0000083c       0x14 src/TWI_Master.o
                0x0000083c                TWI_Master_Initialise
 .text.TWI_Start_Transceiver_With_Data
                0x00000850       0x44 src/TWI_Master.o
                0x00000850                TWI_Start_Transceiver_With_Data
 .text.__vector_39
                0x00000894      0x106 src/TWI_Master.o
                0x00000894                __vector_39
 .text.usart_transmit_to_computer
                0x0000099a       0x10 src/usart.o
                0x0000099a                usart_transmit_to_computer
 .text.usart_receive_from_computer
                0x000009aa       0x10 src/usart.o
                0x000009aa                usart_receive_from_computer
 .text.usart_init
                0x000009ba       0x20 src/usart.o
                0x000009ba                usart_init
 .text.initialize
                0x000009da       0x14 src/main.o
                0x000009da                initialize
 .text.receive_joystick_pos
                0x000009ee       0x50 src/main.o
                0x000009ee                receive_joystick_pos
 .text.test_servo_and_ir
                0x00000a3e       0x2e src/main.o
                0x00000a3e                test_servo_and_ir
 .text.main     0x00000a6c        0x4 src/main.o
                0x00000a6c                main
 .text.avr-libc.fplib
                0x00000a70        0xa c:/program files (x86)/atmel/atmel toolchain/avr8 gcc/native/3.4.1061/avr8-gnu-toolchain/bin/../lib/gcc/avr/4.8.1/../../../../avr/lib/avr6\libm.a(addsf3.o)
                0x00000a70                __subsf3
                0x00000a72                __addsf3
 .text.avr-libc.fplib
                0x00000a7a       0xc0 c:/program files (x86)/atmel/atmel toolchain/avr8 gcc/native/3.4.1061/avr8-gnu-toolchain/bin/../lib/gcc/avr/4.8.1/../../../../avr/lib/avr6\libm.a(addsf3x.o)
                0x00000a94                __addsf3x
 .text.avr-libc.fplib
                0x00000b3a        0x8 c:/program files (x86)/atmel/atmel toolchain/avr8 gcc/native/3.4.1061/avr8-gnu-toolchain/bin/../lib/gcc/avr/4.8.1/../../../../avr/lib/avr6\libm.a(cmpsf2.o)
                0x00000b3a                __nesf2
                0x00000b3a                __eqsf2
                0x00000b3a                __cmpsf2
                0x00000b3a                __ltsf2
                0x00000b3a                __lesf2
 .text.avr-libc.fplib
                0x00000b42        0x4 c:/program files (x86)/atmel/atmel toolchain/avr8 gcc/native/3.4.1061/avr8-gnu-toolchain/bin/../lib/gcc/avr/4.8.1/../../../../avr/lib/avr6\libm.a(divsf3.o)
                0x00000b42                __divsf3
 .text.avr-libc.fplib
                0x00000b46       0xcc c:/program files (x86)/atmel/atmel toolchain/avr8 gcc/native/3.4.1061/avr8-gnu-toolchain/bin/../lib/gcc/avr/4.8.1/../../../../avr/lib/avr6\libm.a(divsf3x.o)
                0x00000b5c                __divsf3x
                0x00000b60                __divsf3_pse
 .text.avr-libc.fplib
                0x00000c12        0xa c:/program files (x86)/atmel/atmel toolchain/avr8 gcc/native/3.4.1061/avr8-gnu-toolchain/bin/../lib/gcc/avr/4.8.1/../../../../avr/lib/avr6\libm.a(fixsfsi.o)
                0x00000c12                __fixsfsi
 .text.avr-libc.fplib
                0x00000c1c       0x58 c:/program files (x86)/atmel/atmel toolchain/avr8 gcc/native/3.4.1061/avr8-gnu-toolchain/bin/../lib/gcc/avr/4.8.1/../../../../avr/lib/avr6\libm.a(fixunssfsi.o)
                0x00000c1c                __fixunssfsi
 .text.avr-libc.fplib
                0x00000c74       0x7a c:/program files (x86)/atmel/atmel toolchain/avr8 gcc/native/3.4.1061/avr8-gnu-toolchain/bin/../lib/gcc/avr/4.8.1/../../../../avr/lib/avr6\libm.a(floatsisf.o)
                0x00000c74                __floatunsisf
                0x00000c78                __floatsisf
 .text.avr-libc.fplib
                0x00000cee       0x48 c:/program files (x86)/atmel/atmel toolchain/avr8 gcc/native/3.4.1061/avr8-gnu-toolchain/bin/../lib/gcc/avr/4.8.1/../../../../avr/lib/avr6\libm.a(fp_cmp.o)
                0x00000cee                __fp_cmp
 .text.avr-libc.fplib
                0x00000d36        0xc c:/program files (x86)/atmel/atmel toolchain/avr8 gcc/native/3.4.1061/avr8-gnu-toolchain/bin/../lib/gcc/avr/4.8.1/../../../../avr/lib/avr6\libm.a(fp_inf.o)
                0x00000d36                __fp_inf
 .text.avr-libc.fplib
                0x00000d42        0x6 c:/program files (x86)/atmel/atmel toolchain/avr8 gcc/native/3.4.1061/avr8-gnu-toolchain/bin/../lib/gcc/avr/4.8.1/../../../../avr/lib/avr6\libm.a(fp_nan.o)
                0x00000d42                __fp_nan
 .text.avr-libc.fplib
                0x00000d48        0xe c:/program files (x86)/atmel/atmel toolchain/avr8 gcc/native/3.4.1061/avr8-gnu-toolchain/bin/../lib/gcc/avr/4.8.1/../../../../avr/lib/avr6\libm.a(fp_pscA.o)
                0x00000d48                __fp_pscA
 .text.avr-libc.fplib
                0x00000d56        0xe c:/program files (x86)/atmel/atmel toolchain/avr8 gcc/native/3.4.1061/avr8-gnu-toolchain/bin/../lib/gcc/avr/4.8.1/../../../../avr/lib/avr6\libm.a(fp_pscB.o)
                0x00000d56                __fp_pscB
 .text.avr-libc.fplib
                0x00000d64       0x22 c:/program files (x86)/atmel/atmel toolchain/avr8 gcc/native/3.4.1061/avr8-gnu-toolchain/bin/../lib/gcc/avr/4.8.1/../../../../avr/lib/avr6\libm.a(fp_round.o)
                0x00000d64                __fp_round
 .text.avr-libc.fplib
                0x00000d86       0x44 c:/program files (x86)/atmel/atmel toolchain/avr8 gcc/native/3.4.1061/avr8-gnu-toolchain/bin/../lib/gcc/avr/4.8.1/../../../../avr/lib/avr6\libm.a(fp_split3.o)
                0x00000d86                __fp_split3
                0x00000d96                __fp_splitA
 .text.avr-libc.fplib
                0x00000dca        0xe c:/program files (x86)/atmel/atmel toolchain/avr8 gcc/native/3.4.1061/avr8-gnu-toolchain/bin/../lib/gcc/avr/4.8.1/../../../../avr/lib/avr6\libm.a(fp_zero.o)
                0x00000dca                __fp_zero
                0x00000dcc                __fp_szero
 .text.avr-libc.fplib
                0x00000dd8        0x8 c:/program files (x86)/atmel/atmel toolchain/avr8 gcc/native/3.4.1061/avr8-gnu-toolchain/bin/../lib/gcc/avr/4.8.1/../../../../avr/lib/avr6\libm.a(gesf2.o)
                0x00000dd8                __gesf2
                0x00000dd8                __gtsf2
 .text.avr-libc.fplib
                0x00000de0        0x4 c:/program files (x86)/atmel/atmel toolchain/avr8 gcc/native/3.4.1061/avr8-gnu-toolchain/bin/../lib/gcc/avr/4.8.1/../../../../avr/lib/avr6\libm.a(mulsf3.o)
                0x00000de0                __mulsf3
 .text.avr-libc.fplib
                0x00000de4       0xc2 c:/program files (x86)/atmel/atmel toolchain/avr8 gcc/native/3.4.1061/avr8-gnu-toolchain/bin/../lib/gcc/avr/4.8.1/../../../../avr/lib/avr6\libm.a(mulsf3x.o)
                0x00000df8                __mulsf3x
                0x00000dfc                __mulsf3_pse
 .text.libgcc.div
                0x00000ea6       0x28 c:/program files (x86)/atmel/atmel toolchain/avr8 gcc/native/3.4.1061/avr8-gnu-toolchain/bin/../lib/gcc/avr/4.8.1/avr6\libgcc.a(_udivmodhi4.o)
                0x00000ea6                __udivmodhi4
 .text.libgcc   0x00000ece        0xc c:/program files (x86)/atmel/atmel toolchain/avr8 gcc/native/3.4.1061/avr8-gnu-toolchain/bin/../lib/gcc/avr/4.8.1/avr6\libgcc.a(_tablejump.o)
                0x00000ece                __tablejump2__
                0x00000ed2                __tablejump__
 .text.avr-libc
                0x00000eda       0x94 c:/program files (x86)/atmel/atmel toolchain/avr8 gcc/native/3.4.1061/avr8-gnu-toolchain/bin/../lib/gcc/avr/4.8.1/../../../../avr/lib/avr6\libc.a(fdevopen.o)
                0x00000eda                fdevopen
 .text.avr-libc
                0x00000f6e       0x22 c:/program files (x86)/atmel/atmel toolchain/avr8 gcc/native/3.4.1061/avr8-gnu-toolchain/bin/../lib/gcc/avr/4.8.1/../../../../avr/lib/avr6\libc.a(printf.o)
                0x00000f6e                printf
 .text.avr-libc
                0x00000f90       0x5a c:/program files (x86)/atmel/atmel toolchain/avr8 gcc/native/3.4.1061/avr8-gnu-toolchain/bin/../lib/gcc/avr/4.8.1/../../../../avr/lib/avr6\libc.a(puts.o)
                0x00000f90                puts
 .text.avr-libc
                0x00000fea      0x3dc c:/program files (x86)/atmel/atmel toolchain/avr8 gcc/native/3.4.1061/avr8-gnu-toolchain/bin/../lib/gcc/avr/4.8.1/../../../../avr/lib/avr6\libc.a(vfprintf_std.o)
                0x00000fea                vfprintf
 .text.avr-libc
                0x000013c6       0x34 c:/program files (x86)/atmel/atmel toolchain/avr8 gcc/native/3.4.1061/avr8-gnu-toolchain/bin/../lib/gcc/avr/4.8.1/../../../../avr/lib/avr6\libc.a(calloc.o)
                0x000013c6                calloc
 .text.avr-libc
                0x000013fa      0x24e c:/program files (x86)/atmel/atmel toolchain/avr8 gcc/native/3.4.1061/avr8-gnu-toolchain/bin/../lib/gcc/avr/4.8.1/../../../../avr/lib/avr6\libc.a(malloc.o)
                0x000013fa                malloc
                0x0000152a                free
 .text.avr-libc
                0x00001648       0x16 c:/program files (x86)/atmel/atmel toolchain/avr8 gcc/native/3.4.1061/avr8-gnu-toolchain/bin/../lib/gcc/avr/4.8.1/../../../../avr/lib/avr6\libc.a(strnlen_P.o)
                0x00001648                strnlen_P
 .text.avr-libc
                0x0000165e        0xe c:/program files (x86)/atmel/atmel toolchain/avr8 gcc/native/3.4.1061/avr8-gnu-toolchain/bin/../lib/gcc/avr/4.8.1/../../../../avr/lib/avr6\libc.a(memset.o)
                0x0000165e                memset
 .text.avr-libc
                0x0000166c       0x16 c:/program files (x86)/atmel/atmel toolchain/avr8 gcc/native/3.4.1061/avr8-gnu-toolchain/bin/../lib/gcc/avr/4.8.1/../../../../avr/lib/avr6\libc.a(strnlen.o)
                0x0000166c                strnlen
 .text.avr-libc
                0x00001682       0x64 c:/program files (x86)/atmel/atmel toolchain/avr8 gcc/native/3.4.1061/avr8-gnu-toolchain/bin/../lib/gcc/avr/4.8.1/../../../../avr/lib/avr6\libc.a(fputc.o)
                0x00001682                fputc
 .text.avr-libc
                0x000016e6       0xbc c:/program files (x86)/atmel/atmel toolchain/avr8 gcc/native/3.4.1061/avr8-gnu-toolchain/bin/../lib/gcc/avr/4.8.1/../../../../avr/lib/avr6\libc.a(ultoa_invert.o)
                0x000016e6                __ultoa_invert
                0x000017a2                . = ALIGN (0x2)
 *(.fini9)
 .fini9         0x000017a2        0x0 c:/program files (x86)/atmel/atmel toolchain/avr8 gcc/native/3.4.1061/avr8-gnu-toolchain/bin/../lib/gcc/avr/4.8.1/avr6\libgcc.a(_exit.o)
                0x000017a2                _exit
                0x000017a2                exit
 *(.fini9)
 *(.fini8)
 *(.fini8)
 *(.fini7)
 *(.fini7)
 *(.fini6)
 *(.fini6)
 *(.fini5)
 *(.fini5)
 *(.fini4)
 *(.fini4)
 *(.fini3)
 *(.fini3)
 *(.fini2)
 *(.fini2)
 *(.fini1)
 *(.fini1)
 *(.fini0)
 .fini0         0x000017a2        0x4 c:/program files (x86)/atmel/atmel toolchain/avr8 gcc/native/3.4.1061/avr8-gnu-toolchain/bin/../lib/gcc/avr/4.8.1/avr6\libgcc.a(_exit.o)
 *(.fini0)
                0x000017a6                _etext = .

.data           0x00800200      0x202 load address 0x000017a6
                0x00800200                PROVIDE (__data_start, .)
 *(.data)
 .data          0x00800200        0x6 c:/program files (x86)/atmel/atmel toolchain/avr8 gcc/native/3.4.1061/avr8-gnu-toolchain/bin/../lib/gcc/avr/4.8.1/../../../../avr/lib/avr6\libc.a(malloc.o)
                0x00800200                __malloc_heap_end
                0x00800202                __malloc_heap_start
                0x00800204                __malloc_margin
 *(.data*)
 .data.TWI_state
                0x00800206        0x1 src/TWI_Master.o
 *(.rodata)
 *(.rodata*)
 .rodata.str1.1
                0x00800207      0x19a src/CAN.o
                                0x19c (size before relaxing)
 .rodata.str1.1
                0x008003a1       0x32 src/MCP2515.o
 .rodata.str1.1
                0x008003d3       0x2e src/motor.o
 *(.gnu.linkonce.d*)
                0x00800402                . = ALIGN (0x2)
 *fill*         0x00800401        0x1 
                0x00800402                _edata = .
                0x00800402                PROVIDE (__data_end, .)

.bss            0x00800402       0x1a
                0x00800402                PROVIDE (__bss_start, .)
 *(.bss)
 *(.bss*)
 .bss.flag_RX1  0x00800402        0x2 src/CAN.o
                0x00800402                flag_RX1
 .bss.flag_RX0  0x00800404        0x2 src/CAN.o
                0x00800404                flag_RX0
 .bss.max520_address
                0x00800406        0x1 src/MAX520.o
                0x00800406                max520_address
 .bss.max_speed
                0x00800407        0x4 src/motor.o
                0x00800407                max_speed
 .bss.TWI_bufPtr.1535
                0x0080040b        0x1 src/TWI_Master.o
 .bss.TWI_statusReg
                0x0080040c        0x1 src/TWI_Master.o
                0x0080040c                TWI_statusReg
 .bss.TWI_msgSize
                0x0080040d        0x1 src/TWI_Master.o
 .bss.TWI_buf   0x0080040e        0x4 src/TWI_Master.o
 *(COMMON)
 COMMON         0x00800412        0x6 c:/program files (x86)/atmel/atmel toolchain/avr8 gcc/native/3.4.1061/avr8-gnu-toolchain/bin/../lib/gcc/avr/4.8.1/../../../../avr/lib/avr6\libc.a(iob.o)
                0x00800412                __iob
 COMMON         0x00800418        0x4 c:/program files (x86)/atmel/atmel toolchain/avr8 gcc/native/3.4.1061/avr8-gnu-toolchain/bin/../lib/gcc/avr/4.8.1/../../../../avr/lib/avr6\libc.a(malloc.o)
                0x00800418                __brkval
                0x0080041a                __flp
                0x0080041c                PROVIDE (__bss_end, .)
                0x000017a6                __data_load_start = LOADADDR (.data)
                0x000019a8                __data_load_end = (__data_load_start + SIZEOF (.data))

.noinit         0x0080041c        0x0
                0x0080041c                PROVIDE (__noinit_start, .)
 *(.noinit*)
                0x0080041c                PROVIDE (__noinit_end, .)
                0x0080041c                _end = .
                0x0080041c                PROVIDE (__heap_start, .)

.eeprom         0x00810000        0x0
 *(.eeprom*)
                0x00810000                __eeprom_end = .

.fuse
 *(.fuse)
 *(.lfuse)
 *(.hfuse)
 *(.efuse)

.lock
 *(.lock*)

.signature
 *(.signature*)

.user_signatures
 *(.user_signatures*)

.stab
 *(.stab)

.stabstr
 *(.stabstr)

.stab.excl
 *(.stab.excl)

.stab.exclstr
 *(.stab.exclstr)

.stab.index
 *(.stab.index)

.stab.indexstr
 *(.stab.indexstr)

.comment        0x00000000       0x5c
 *(.comment)
 .comment       0x00000000       0x30 src/ADC.o
                                 0x31 (size before relaxing)
 .comment       0x00000000       0x31 src/CAN.o
 .comment       0x00000000       0x31 src/IR.o
 .comment       0x00000000       0x31 src/MAX520.o
 .comment       0x00000000       0x31 src/MCP2515.o
 .comment       0x00000000       0x31 src/motor.o
 .comment       0x00000000       0x31 src/servo.o
 .comment       0x00000000       0x31 src/SPI.o
 .comment       0x00000000       0x31 src/PWM.o
 .comment       0x00000000       0x31 src/time.o
 .comment       0x00000000       0x31 src/TWI_Master.o
 .comment       0x00000000       0x31 src/usart.o
 .comment       0x00000000       0x31 src/main.o
 .comment       0x00000000       0x31 c:/program files (x86)/atmel/atmel toolchain/avr8 gcc/native/3.4.1061/avr8-gnu-toolchain/bin/../lib/gcc/avr/4.8.1/../../../../avr/lib/avr6\libc.a(fdevopen.o)
 .comment       0x00000000       0x31 c:/program files (x86)/atmel/atmel toolchain/avr8 gcc/native/3.4.1061/avr8-gnu-toolchain/bin/../lib/gcc/avr/4.8.1/../../../../avr/lib/avr6\libc.a(iob.o)
 .comment       0x00000000       0x31 c:/program files (x86)/atmel/atmel toolchain/avr8 gcc/native/3.4.1061/avr8-gnu-toolchain/bin/../lib/gcc/avr/4.8.1/../../../../avr/lib/avr6\libc.a(printf.o)
 .comment       0x00000000       0x31 c:/program files (x86)/atmel/atmel toolchain/avr8 gcc/native/3.4.1061/avr8-gnu-toolchain/bin/../lib/gcc/avr/4.8.1/../../../../avr/lib/avr6\libc.a(puts.o)
 .comment       0x00000030       0x2c c:/program files (x86)/atmel/atmel toolchain/avr8 gcc/native/3.4.1061/avr8-gnu-toolchain/bin/../lib/gcc/avr/4.8.1/../../../../avr/lib/avr6\libc.a(vfprintf_std.o)
                                 0x2d (size before relaxing)
 .comment       0x00000000       0x31 c:/program files (x86)/atmel/atmel toolchain/avr8 gcc/native/3.4.1061/avr8-gnu-toolchain/bin/../lib/gcc/avr/4.8.1/../../../../avr/lib/avr6\libc.a(calloc.o)
 .comment       0x00000000       0x31 c:/program files (x86)/atmel/atmel toolchain/avr8 gcc/native/3.4.1061/avr8-gnu-toolchain/bin/../lib/gcc/avr/4.8.1/../../../../avr/lib/avr6\libc.a(malloc.o)
 .comment       0x00000000       0x31 c:/program files (x86)/atmel/atmel toolchain/avr8 gcc/native/3.4.1061/avr8-gnu-toolchain/bin/../lib/gcc/avr/4.8.1/../../../../avr/lib/avr6\libc.a(fputc.o)

.note.gnu.build-id
 *(.note.gnu.build-id)

.debug
 *(.debug)

.line
 *(.line)

.debug_srcinfo
 *(.debug_srcinfo)

.debug_sfnames
 *(.debug_sfnames)

.debug_aranges  0x00000000      0x310
 *(.debug_aranges)
 .debug_aranges
                0x00000000       0x28 src/ADC.o
 .debug_aranges
                0x00000028       0x60 src/CAN.o
 .debug_aranges
                0x00000088       0x28 src/IR.o
 .debug_aranges
                0x000000b0       0x28 src/MAX520.o
 .debug_aranges
                0x000000d8       0x50 src/MCP2515.o
 .debug_aranges
                0x00000128       0x60 src/motor.o
 .debug_aranges
                0x00000188       0x28 src/servo.o
 .debug_aranges
                0x000001b0       0x48 src/SPI.o
 .debug_aranges
                0x000001f8       0x28 src/PWM.o
 .debug_aranges
                0x00000220       0x30 src/time.o
 .debug_aranges
                0x00000250       0x50 src/TWI_Master.o
 .debug_aranges
                0x000002a0       0x30 src/usart.o
 .debug_aranges
                0x000002d0       0x40 src/main.o

.debug_pubnames
 *(.debug_pubnames)

.debug_info     0x00000000     0x2248
 *(.debug_info .gnu.linkonce.wi.*)
 .debug_info    0x00000000       0xd5 src/ADC.o
 .debug_info    0x000000d5      0x87d src/CAN.o
 .debug_info    0x00000952      0x17f src/IR.o
 .debug_info    0x00000ad1      0x15e src/MAX520.o
 .debug_info    0x00000c2f      0x470 src/MCP2515.o
 .debug_info    0x0000109f      0x560 src/motor.o
 .debug_info    0x000015ff      0x130 src/servo.o
 .debug_info    0x0000172f      0x191 src/SPI.o
 .debug_info    0x000018c0       0xc6 src/PWM.o
 .debug_info    0x00001986      0x105 src/time.o
 .debug_info    0x00001a8b      0x281 src/TWI_Master.o
 .debug_info    0x00001d0c      0x1ea src/usart.o
 .debug_info    0x00001ef6      0x352 src/main.o

.debug_abbrev   0x00000000     0x1040
 *(.debug_abbrev)
 .debug_abbrev  0x00000000       0x8c src/ADC.o
 .debug_abbrev  0x0000008c      0x1fe src/CAN.o
 .debug_abbrev  0x0000028a      0x109 src/IR.o
 .debug_abbrev  0x00000393       0xed src/MAX520.o
 .debug_abbrev  0x00000480      0x1cc src/MCP2515.o
 .debug_abbrev  0x0000064c      0x257 src/motor.o
 .debug_abbrev  0x000008a3       0xd9 src/servo.o
 .debug_abbrev  0x0000097c      0x131 src/SPI.o
 .debug_abbrev  0x00000aad       0x7b src/PWM.o
 .debug_abbrev  0x00000b28       0xaf src/time.o
 .debug_abbrev  0x00000bd7      0x192 src/TWI_Master.o
 .debug_abbrev  0x00000d69      0x125 src/usart.o
 .debug_abbrev  0x00000e8e      0x1b2 src/main.o

.debug_line     0x00000000     0x2e1c
 *(.debug_line .debug_line.* .debug_line_end)
 .debug_line    0x00000000      0x2a1 src/ADC.o
 .debug_line    0x000002a1      0x666 src/CAN.o
 .debug_line    0x00000907      0x297 src/IR.o
 .debug_line    0x00000b9e      0x2b0 src/MAX520.o
 .debug_line    0x00000e4e      0x468 src/MCP2515.o
 .debug_line    0x000012b6      0x4f4 src/motor.o
 .debug_line    0x000017aa      0x1cf src/servo.o
 .debug_line    0x00001979      0x32c src/SPI.o
 .debug_line    0x00001ca5      0x2b2 src/PWM.o
 .debug_line    0x00001f57      0x2a5 src/time.o
 .debug_line    0x000021fc      0x43a src/TWI_Master.o
 .debug_line    0x00002636      0x2b1 src/usart.o
 .debug_line    0x000028e7      0x535 src/main.o

.debug_frame    0x00000000      0x750
 *(.debug_frame)
 .debug_frame   0x00000000       0x34 src/ADC.o
 .debug_frame   0x00000034      0x1e4 src/CAN.o
 .debug_frame   0x00000218       0x34 src/IR.o
 .debug_frame   0x0000024c       0x4c src/MAX520.o
 .debug_frame   0x00000298       0xb8 src/MCP2515.o
 .debug_frame   0x00000350      0x120 src/motor.o
 .debug_frame   0x00000470       0x48 src/servo.o
 .debug_frame   0x000004b8       0x84 src/SPI.o
 .debug_frame   0x0000053c       0x34 src/PWM.o
 .debug_frame   0x00000570       0x44 src/time.o
 .debug_frame   0x000005b4       0xb8 src/TWI_Master.o
 .debug_frame   0x0000066c       0x44 src/usart.o
 .debug_frame   0x000006b0       0xa0 src/main.o

.debug_str      0x00000000    0x12b19
 *(.debug_str)
 .debug_str     0x00000000     0x891b src/ADC.o
                               0x8a58 (size before relaxing)
 .debug_str     0x0000891b     0x387f src/CAN.o
                               0xc2c7 (size before relaxing)
 .debug_str     0x0000c19a       0x98 src/IR.o
                               0x8b1d (size before relaxing)
 .debug_str     0x0000c232      0x384 src/MAX520.o
                               0x9120 (size before relaxing)
 .debug_str     0x0000c5b6      0x104 src/MCP2515.o
                               0xbec0 (size before relaxing)
 .debug_str     0x0000c6ba      0x3c6 src/motor.o
                               0x9634 (size before relaxing)
 .debug_str     0x0000ca80       0xbf src/servo.o
                               0x3f21 (size before relaxing)
 .debug_str     0x0000cb3f       0x47 src/SPI.o
                               0xb218 (size before relaxing)
 .debug_str     0x0000cb86       0x31 src/PWM.o
                               0x8ddf (size before relaxing)
 .debug_str     0x0000cbb7       0x19 src/time.o
                               0xb1c2 (size before relaxing)
 .debug_str     0x0000cbd0       0xcf src/TWI_Master.o
                               0x8a5d (size before relaxing)
 .debug_str     0x0000cc9f       0x70 src/usart.o
                               0x89ce (size before relaxing)
 .debug_str     0x0000cd0f     0x5e0a src/main.o
                              0x122d5 (size before relaxing)

.debug_loc      0x00000000     0x1261
 *(.debug_loc)
 .debug_loc     0x00000000       0x26 src/ADC.o
 .debug_loc     0x00000026      0x6a4 src/CAN.o
 .debug_loc     0x000006ca      0x104 src/IR.o
 .debug_loc     0x000007ce       0xe4 src/MAX520.o
 .debug_loc     0x000008b2      0x285 src/MCP2515.o
 .debug_loc     0x00000b37      0x34a src/motor.o
 .debug_loc     0x00000e81       0x9e src/servo.o
 .debug_loc     0x00000f1f       0x90 src/SPI.o
 .debug_loc     0x00000faf       0x2e src/PWM.o
 .debug_loc     0x00000fdd      0x150 src/TWI_Master.o
 .debug_loc     0x0000112d       0x26 src/usart.o
 .debug_loc     0x00001153      0x10e src/main.o

.debug_macinfo
 *(.debug_macinfo)

.debug_weaknames
 *(.debug_weaknames)

.debug_funcnames
 *(.debug_funcnames)

.debug_typenames
 *(.debug_typenames)

.debug_varnames
 *(.debug_varnames)

.debug_pubtypes
 *(.debug_pubtypes)

.debug_ranges   0x00000000      0x270
 *(.debug_ranges)
 .debug_ranges  0x00000000       0x18 src/ADC.o
 .debug_ranges  0x00000018       0x68 src/CAN.o
 .debug_ranges  0x00000080       0x18 src/IR.o
 .debug_ranges  0x00000098       0x18 src/MAX520.o
 .debug_ranges  0x000000b0       0x40 src/MCP2515.o
 .debug_ranges  0x000000f0       0x50 src/motor.o
 .debug_ranges  0x00000140       0x18 src/servo.o
 .debug_ranges  0x00000158       0x38 src/SPI.o
 .debug_ranges  0x00000190       0x18 src/PWM.o
 .debug_ranges  0x000001a8       0x20 src/time.o
 .debug_ranges  0x000001c8       0x40 src/TWI_Master.o
 .debug_ranges  0x00000208       0x20 src/usart.o
 .debug_ranges  0x00000228       0x48 src/main.o

.debug_macro    0x00000000     0x4d34
 *(.debug_macro)
 .debug_macro   0x00000000       0xde src/ADC.o
 .debug_macro   0x000000de      0xa5a src/ADC.o
 .debug_macro   0x00000b38       0x10 src/ADC.o
 .debug_macro   0x00000b48      0x1ad src/ADC.o
 .debug_macro   0x00000cf5      0x293 src/ADC.o
 .debug_macro   0x00000f88       0x9e src/ADC.o
 .debug_macro   0x00001026     0x1e62 src/ADC.o
 .debug_macro   0x00002e88       0xdc src/ADC.o
 .debug_macro   0x00002f64      0x2ea src/ADC.o
 .debug_macro   0x0000324e       0xd9 src/ADC.o
 .debug_macro   0x00003327       0x34 src/ADC.o
 .debug_macro   0x0000335b       0x18 src/ADC.o
 .debug_macro   0x00003373       0x6c src/ADC.o
 .debug_macro   0x000033df       0x1c src/ADC.o
 .debug_macro   0x000033fb       0x58 src/ADC.o
 .debug_macro   0x00003453       0x10 src/ADC.o
 .debug_macro   0x00003463       0x97 src/ADC.o
 .debug_macro   0x000034fa       0xeb src/ADC.o
 .debug_macro   0x000035e5       0x22 src/ADC.o
 .debug_macro   0x00003607      0x13f src/CAN.o
 .debug_macro   0x00003746       0xaa src/CAN.o
 .debug_macro   0x000037f0       0x10 src/CAN.o
 .debug_macro   0x00003800       0x12 src/CAN.o
 .debug_macro   0x00003812      0x181 src/CAN.o
 .debug_macro   0x00003993       0x22 src/CAN.o
 .debug_macro   0x000039b5       0x69 src/CAN.o
 .debug_macro   0x00003a1e      0x2e6 src/CAN.o
 .debug_macro   0x00003d04       0x10 src/CAN.o
 .debug_macro   0x00003d14      0x167 src/CAN.o
 .debug_macro   0x00003e7b       0xf3 src/IR.o
 .debug_macro   0x00003f6e       0xf7 src/MAX520.o
 .debug_macro   0x00004065       0xca src/MAX520.o
 .debug_macro   0x0000412f      0x13f src/MCP2515.o
 .debug_macro   0x0000426e      0x153 src/motor.o
 .debug_macro   0x000043c1      0x16d src/motor.o
 .debug_macro   0x0000452e       0x1c src/motor.o
 .debug_macro   0x0000454a       0x97 src/motor.o
 .debug_macro   0x000045e1       0x60 src/motor.o
 .debug_macro   0x00004641       0x9d src/servo.o
 .debug_macro   0x000046de      0x108 src/SPI.o
 .debug_macro   0x000047e6       0xee src/PWM.o
 .debug_macro   0x000048d4       0xea src/time.o
 .debug_macro   0x000049be       0xa8 src/TWI_Master.o
 .debug_macro   0x00004a66       0xc0 src/usart.o
 .debug_macro   0x00004b26      0x1e6 src/main.o
 .debug_macro   0x00004d0c       0x28 src/main.o
OUTPUT(Node2.elf elf32-avr)
LOAD linker stubs
